{"$":"Feed","title":"Test Feed 1","subtitle":"Subtitle 1","description":"Description 1","link":"http://videate.org","author":"Mike Miller","email":"mike@videate.org","imageUrl":"http://example.com/example.jpg","mediaList":[{"media":{"title":"Media 1","description":"Description 1","source":{"platform":{"uri":"https://example.com","id":"example"},"uri":"https://www.example.com/aaa111","id":"aaa111","releaseDate":"1970-01-01T00:00:00.000Z"},"creators":[],"duration":"0:01:00.000000"},"uri":"/test/video1.mp4","etag":"abc111xyz","lengthInBytes":100000},{"media":{"title":"Media 2","description":"Description 2","source":{"platform":{"uri":"https://example.com","id":"example"},"uri":"https://www.example.com/bbb222","id":"bbb222","releaseDate":"1970-01-01T00:00:00.000Z"},"creators":[],"duration":"0:02:00.000000"},"uri":"/test/video2.mp4","etag":"abc222xyz","lengthInBytes":200000}]}
