{
    "$": "list",
    "": [
        {
            "$": "Media",
            "title": "Media 1",
            "description": "Description 1",
            "source": {
                "platform": {
                    "uri": "https://example.com",
                    "id": "example"
                },
                "uri": "https://www.example.com/aaa111",
                "id": "aaa111",
                "releaseDate": "1970-01-01T00:00:00.000Z"
            },
            "creators": [],
            "duration": "0:01:00.000000"
        },
        {
            "$": "Media",
            "title": "Media 2",
            "description": "Description 2",
            "source": {
                "platform": {
                    "uri": "https://example.com",
                    "id": "example"
                },
                "uri": "https://www.example.com/bbb222",
                "id": "bbb222",
                "releaseDate": "1970-01-01T00:00:00.000Z"
            },
            "creators": [],
            "duration": "0:02:00.000000"
        }
    ]
}
