{
    "$": "ServedMedia",
    "media": {
        "title": "Media 1",
        "description": "Description 1",
        "source": {
            "platform": {
                "uri": "https://example.com",
                "id": "example"
            },
            "uri": "https://www.example.com/aaa111",
            "id": "aaa111",
            "releaseDate": "1970-01-01T00:00:00.000Z"
        },
        "creators": [],
        "duration": "0:01:00.000000"
    },
    "uri": "/test/video1.mp4",
    "etag": "abc111xyz",
    "lengthInBytes": 100000
}
